// Jest Snapshot v1, https://goo.gl/fbAQLP

exports[`AdminGroups.vue should match snapshot 1`] = `
<div
  class="container mt-3"
>
  <h2>
    Groups
  </h2>
   
  <table
    class="table table-striped table-sm mt-4"
  >
    <thead>
      <tr>
        <th
          class="header"
          style="width: 130px;"
        >
          Name
        </th>
         
        <th
          class="header"
        >
          Users
        </th>
         
        <th
          class="header text-center"
          style="width: 10px;"
        />
      </tr>
    </thead>
     
    <tbody />
  </table>
   
  <a
    class="btn btn-success"
    data-target=".add-group-modal"
    data-toggle="modal"
    href=""
  >
    New group
  </a>
   
  <modaldialog-stub />
</div>
`;
