// Jest Snapshot v1, https://goo.gl/fbAQLP

exports[`MonitoringList.vue should match snapshot 1`] = `
<div>
  <vuecomponent-stub
    class="btn btn-sm btn-success float-right"
    to="[object Object]"
  />
   
  <h5>
    Monitoring profiles
  </h5>
   
  <table
    class="table table-striped table-sm mt-3"
  >
    <thead>
      <tr>
        <th
          class="cursor"
          title="sort by name"
        >
          Profile
        </th>
         
        <th
          class="cursor"
          title="sort by archi"
        >
          Archi
        </th>
         
        <th>
          Monitor
        </th>
      </tr>
    </thead>
     
    <tbody>
      <tr>
        <td>
          <a
            href="#"
          >
            a8prof
          </a>
        </td>
         
        <td>
          a8
        </td>
         
        <td>
          <i
            class="fa fa-bolt"
            title="consumption"
          />
           
          <span>
             current 
          </span>
           
          <!---->
           
          <!---->
           
          <span
            class="text-muted"
            title="period, average"
          >
            (8244µs, 4)
          </span>
           
          <!---->
        </td>
      </tr>
      <tr>
        <td>
          <a
            href="#"
          >
            conso
          </a>
        </td>
         
        <td>
          m3
        </td>
         
        <td>
          <i
            class="fa fa-bolt"
            title="consumption"
          />
           
          <span>
             current 
          </span>
           
          <span>
             voltage 
          </span>
           
          <span>
             power 
          </span>
           
          <span
            class="text-muted"
            title="period, average"
          >
            (8244µs, 4)
          </span>
           
          <!---->
        </td>
      </tr>
      <tr>
        <td>
          <a
            href="#"
          >
            radio
          </a>
        </td>
         
        <td>
          other
        </td>
         
        <td>
          <!---->
           
          <i
            class="fa fa-wifi"
            title="radio"
          />
           rssi
            
          <span
            class="text-muted"
            title="channel"
          >
            (11,13)
          </span>
        </td>
      </tr>
       
      <!---->
    </tbody>
  </table>
</div>
`;
