// Jest Snapshot v1, https://goo.gl/fbAQLP

exports[`Monitoring.vue should match snapshot 1`] = `
<div
  class="container my-3"
>
  <h2>
    <i
      aria-hidden="true"
      class="fa fa-fw fa-folder-open"
    />
     My resources
  </h2>
   
  <div
    class="row"
  >
    <div
      class="col-md-3 mb-4"
    >
      <div
        class="list-group"
        id="list-tab"
        role="tablist"
      >
        <vuecomponent-stub
          class="list-group-item list-group-item-action"
          to="[object Object]"
        />
      </div>
    </div>
     
    <div
      class="col-md-6"
    >
      <!---->
       
      <h5>
        <i
          class="fa fa-pencil"
        />
         New monitoring profile
      </h5>
       
      <monitoringform-stub />
    </div>
  </div>
</div>
`;
