// Jest Snapshot v1, https://goo.gl/fbAQLP

exports[`ResetPassword.vue should match snapshot 1`] = `
<div
  class="container mt-5"
>
  <div
    class="row"
  >
    <div
      class="col-lg-4 mx-md-auto well"
    >
      <h2>
        Reset your password
      </h2>
       
      <form>
        <input
          autofocus="autofocus"
          class="form-control"
          placeholder="Email"
          required="required"
          type="email"
        />
         
        <button
          class="btn btn-primary btn-block"
        >
          Reset password
        </button>
      </form>
       
      <p
        class="text-center"
      >
        <vuecomponent-stub
          to="[object Object]"
        />
         â€“
                
        <vuecomponent-stub
          to="[object Object]"
        />
      </p>
    </div>
  </div>
</div>
`;
