// Jest Snapshot v1, https://goo.gl/fbAQLP

exports[`UserForm.vue should match snapshot 1`] = `
<div>
  <div
    class="row"
  >
    <div
      class="col-md"
    >
      <div
        class="form-group"
      >
        <label
          class="form-control-label"
        >
          First name
        </label>
         
        <input
          class="form-control"
          name="firstname"
          placeholder="First name"
          type="text"
        />
         
        <div
          class="invalid-feedback"
          style="display: none;"
        >
          
          
        
        </div>
      </div>
    </div>
     
    <div
      class="col-md"
    >
      <div
        class="form-group"
      >
        <label
          class="form-control-label"
        >
          Last name
        </label>
         
        <input
          class="form-control"
          name="lastname"
          placeholder="Last name"
          type="text"
        />
         
        <div
          class="invalid-feedback"
          style="display: none;"
        >
          
          
        
        </div>
      </div>
    </div>
  </div>
   
  <div
    class="row"
  >
    <div
      class="col-md"
    >
      <div
        class="form-group"
      >
        <label
          class="form-control-label"
        >
          Email
        </label>
         
        <input
          class="form-control"
          name="email"
          placeholder="Academic or professional email"
          type="email"
        />
         
        <div
          class="invalid-feedback"
          style="display: none;"
        />
      </div>
    </div>
     
    <div
      class="col-md"
    />
  </div>
   
  <div
    class="row mb-5"
  >
    <div
      class="col form-group password"
    >
      <label
        class="form-control-label"
      >
        Password
      </label>
       
      <input
        class="form-control"
        name="password"
        placeholder="Password"
        type="password"
      />
       
      <div
        class="invalid-feedback"
        style="display: none;"
      >
        
        
      
      </div>
    </div>
     
    <div
      class="col form-group"
    >
      <label
        class="form-control-label"
      >
        Confirm password
      </label>
       
      <input
        class="form-control"
        data-vv-as="password"
        name="password_confirmation"
        placeholder="Password"
        type="password"
      />
       
      <div
        class="invalid-feedback"
        style="display: none;"
      >
        
        
      
      </div>
    </div>
  </div>
   
  <div
    class="row"
  >
    <div
      class="col-md"
    >
      <div
        class="form-group"
      >
        <label
          class="form-control-label"
        >
          User category
        </label>
         
        <multiselect-stub
          class="mymultiselect"
          custom-label="function () { [native code] }"
          deselectgrouplabel="Press enter to deselect group"
          deselectlabel="Press enter to remove"
          limit="99999"
          limittext="function(t){return\\"and \\".concat(t,\\" more\\")}"
          maxheight="300"
          name=""
          opendirection=""
          options="Student,Academic,Startup,Business"
          placeholder="Category"
          selectedlabel="Selected"
          selectgrouplabel="Press enter to select group"
          selectlabel="Press enter to select"
          shownoresults="true"
          tabindex="0"
        />
         
        <div
          class="invalid-feedback"
          style="display: none;"
        >
          
          The user category field is required.
        
        </div>
      </div>
    </div>
     
    <div
      class="col-md"
    >
      <div
        class="form-group"
      >
        <label
          class="form-control-label"
        >
          Organization
        </label>
         
        <input
          class="form-control"
          name="organization"
          placeholder="Organization"
          type="text"
        />
         
        <div
          class="invalid-feedback"
          style="display: none;"
        >
          
          
        
        </div>
      </div>
    </div>
  </div>
   
  <div
    class="row"
  >
    <div
      class="col-md"
    >
      <div
        class="form-group"
      >
        <label
          class="form-control-label"
        >
          City
        </label>
         
        <input
          class="form-control"
          name="city"
          placeholder="City"
          type="text"
        />
         
        <div
          class="invalid-feedback"
          style="display: none;"
        >
          
          
        
        </div>
      </div>
    </div>
     
    <div
      class="col-md"
    >
      <div
        class="form-group"
      >
        <label
          class="form-control-label"
        >
          Country
        </label>
         
        <multiselect-stub
          class="mymultiselect"
          deselectgrouplabel="Press enter to deselect group"
          deselectlabel="Press enter to remove"
          limit="99999"
          limittext="function(t){return\\"and \\".concat(t,\\" more\\")}"
          maxheight="300"
          name=""
          opendirection=""
          options="Afghanistan,Åland Islands,Albania,Algeria,American Samoa,Andorra,Angola,Anguilla,Antarctica,Antigua and Barbuda,Argentina,Armenia,Aruba,Australia,Austria,Azerbaijan,Bahamas,Bahrain,Bangladesh,Barbados,Belarus,Belgium,Belize,Benin,Bermuda,Bhutan,Bolivia, Plurinational State of,Bonaire, Sint Eustatius and Saba,Bosnia and Herzegovina,Botswana,Bouvet Island,Brazil,British Indian Ocean Territory,Brunei Darussalam,Bulgaria,Burkina Faso,Burundi,Cambodia,Cameroon,Canada,Cape Verde,Cayman Islands,Central African Republic,Chad,Chile,China,Christmas Island,Cocos (Keeling) Islands,Colombia,Comoros,Congo,Congo, the Democratic Republic of the,Cook Islands,Costa Rica,Côte d'Ivoire,Croatia,Cuba,Curaçao,Cyprus,Czech Republic,Denmark,Djibouti,Dominica,Dominican Republic,Ecuador,Egypt,El Salvador,Equatorial Guinea,Eritrea,Estonia,Ethiopia,Falkland Islands (Malvinas),Faroe Islands,Fiji,Finland,France,French Guiana,French Polynesia,French Southern Territories,Gabon,Gambia,Georgia,Germany,Ghana,Gibraltar,Greece,Greenland,Grenada,Guadeloupe,Guam,Guatemala,Guernsey,Guinea,Guinea-Bissau,Guyana,Haiti,Heard Island and McDonald Islands,Holy See (Vatican City State),Honduras,Hong Kong,Hungary,Iceland,India,Indonesia,Iran, Islamic Republic of,Iraq,Ireland,Isle of Man,Israel,Italy,Jamaica,Japan,Jersey,Jordan,Kazakhstan,Kenya,Kiribati,Korea, Democratic People's Republic of,Korea, Republic of,Kuwait,Kyrgyzstan,Lao People's Democratic Republic,Latvia,Lebanon,Lesotho,Liberia,Libya,Liechtenstein,Lithuania,Luxembourg,Macao,Macedonia, the former Yugoslav Republic of,Madagascar,Malawi,Malaysia,Maldives,Mali,Malta,Marshall Islands,Martinique,Mauritania,Mauritius,Mayotte,Mexico,Micronesia, Federated States of,Moldova, Republic of,Monaco,Mongolia,Montenegro,Montserrat,Morocco,Mozambique,Myanmar,Namibia,Nauru,Nepal,Netherlands,New Caledonia,New Zealand,Nicaragua,Niger,Nigeria,Niue,Norfolk Island,Northern Mariana Islands,Norway,Oman,Pakistan,Palau,Palestinian Territory, Occupied,Panama,Papua New Guinea,Paraguay,Peru,Philippines,Pitcairn,Poland,Portugal,Puerto Rico,Qatar,Réunion,Romania,Russian Federation,Rwanda,Saint Barthélemy,Saint Helena, Ascension and Tristan da Cunha,Saint Kitts and Nevis,Saint Lucia,Saint Martin (French part),Saint Pierre and Miquelon,Saint Vincent and the Grenadines,Samoa,San Marino,Sao Tome and Principe,Saudi Arabia,Senegal,Serbia,Seychelles,Sierra Leone,Singapore,Sint Maarten (Dutch part),Slovakia,Slovenia,Solomon Islands,Somalia,South Africa,South Georgia and the South Sandwich Islands,South Sudan,Spain,Sri Lanka,Sudan,Suriname,Svalbard and Jan Mayen,Swaziland,Sweden,Switzerland,Syrian Arab Republic,Taiwan, Province of China,Tajikistan,Tanzania, United Republic of,Thailand,Timor-Leste,Togo,Tokelau,Tonga,Trinidad and Tobago,Tunisia,Turkey,Turkmenistan,Turks and Caicos Islands,Tuvalu,Uganda,Ukraine,United Arab Emirates,United Kingdom,United States,United States Minor Outlying Islands,Uruguay,Uzbekistan,Vanuatu,Venezuela, Bolivarian Republic of,Viet Nam,Virgin Islands, British,Virgin Islands, U.S.,Wallis and Futuna,Western Sahara,Yemen,Zambia,Zimbabwe"
          placeholder="Country"
          selectedlabel="Selected"
          selectgrouplabel="Press enter to select group"
          selectlabel="Press enter to select"
          showlabels="true"
          shownoresults="true"
          tabindex="0"
        />
         
        <div
          class="invalid-feedback"
          style="display: none;"
        >
          
          The country field is required.
        
        </div>
      </div>
    </div>
  </div>
   
  <div
    class="form-group"
  >
    <label
      class="form-control-label"
    >
      Motivations
    </label>
     
    <textarea
      class="form-control"
      name="motivations"
      placeholder="Tell us about you"
      rows="5"
    />
     
    <div
      class="invalid-feedback"
      style="display: none;"
    >
      
      
    
    </div>
  </div>
   
  <div
    class="form-group"
    id="motivations-help"
    style="display: none;"
  >
    <div
      class="alert alert-info form-control"
    >
      <i
        class="fa fa-pencil"
      />
       
      <b>
        Tell us about your motivations
      </b>
       
      <ul
        style="margin: 0px;"
      >
        <li>
          Research domain (Radio communication, networking protocol, distributed applications, …)
        </li>
         
        <li>
          What kind of experiments do you want to run with IoT-LAB?
        </li>
         
        <li>
          Goal (Verify something existing in large scale, new development, …)
        </li>
         
        <li>
          Experience with sensor networks (n00b, experiments with X platform, former IoT-LAB user, Guru, God)
        </li>
      </ul>
    </div>
  </div>
   
  <div
    class="form-group"
  >
    <a
      aria-controls="collapseSSH"
      aria-expanded="false"
      data-toggle="collapse"
      href=".collapse-ssh"
      role="button"
    >
      <label
        class="form-control-label"
      >
        <i
          class="fa fa-caret-right"
        />
         add SSH key 
        <span
          class="text-muted"
        >
          (optional, can be done later)
        </span>
      </label>
    </a>
     
    <sshkeys-stub
      class="collapse collapse-ssh"
      keys="toto"
      rows="4"
    />
     
    <div
      class="invalid-feedback"
      style="display: none;"
    >
      
      
    
    </div>
  </div>
   
  <div
    class="form-group"
  >
    <label
      class="form-control-label"
    >
      User groups
    </label>
     
    <multiselect-stub
      allow-empty="true"
      class="mymultiselect"
      deselectgrouplabel="Press enter to deselect group"
      deselectlabel="Press enter to remove"
      hide-selected="true"
      limit="99999"
      limittext="function (t){return\\"and \\".concat(t,\\" more\\")}"
      maxheight="300"
      multiple="true"
      name=""
      opendirection=""
      options=""
      placeholder="Groups"
      selectedlabel="Selected"
      selectgrouplabel="Press enter to select group"
      selectlabel="Press enter to select"
      shownoresults="true"
      tabindex="0"
    />
  </div>
</div>
`;

exports[`UserForm.vue should match snapshot 2 1`] = `
<div>
  <div
    class="row"
  >
    <div
      class="col-md"
    >
      <!---->
    </div>
     
    <div
      class="col-md"
    >
      <!---->
    </div>
  </div>
   
  <div
    class="row"
  >
    <div
      class="col-md"
    >
      <!---->
    </div>
     
    <div
      class="col-md"
    />
  </div>
   
  <div
    class="row mb-5"
  >
    <div
      class="col form-group password"
    >
      <label
        class="form-control-label"
      >
        Password
      </label>
       
      <input
        class="form-control"
        name="password"
        placeholder="Password"
        type="password"
      />
       
      <div
        class="invalid-feedback"
        style="display: none;"
      >
        
        
      
      </div>
    </div>
     
    <div
      class="col form-group"
    >
      <label
        class="form-control-label"
      >
        Confirm password
      </label>
       
      <input
        class="form-control"
        data-vv-as="password"
        name="password_confirmation"
        placeholder="Password"
        type="password"
      />
       
      <div
        class="invalid-feedback"
        style="display: none;"
      >
        
        
      
      </div>
    </div>
  </div>
   
  <div
    class="row"
  >
    <div
      class="col-md"
    >
      <div
        class="form-group"
      >
        <label
          class="form-control-label"
        >
          User category
        </label>
         
        <multiselect-stub
          class="mymultiselect"
          custom-label="function () { [native code] }"
          deselectgrouplabel="Press enter to deselect group"
          deselectlabel="Press enter to remove"
          limit="99999"
          limittext="function(t){return\\"and \\".concat(t,\\" more\\")}"
          maxheight="300"
          name=""
          opendirection=""
          options="Student,Academic,Startup,Business"
          placeholder="Category"
          selectedlabel="Selected"
          selectgrouplabel="Press enter to select group"
          selectlabel="Press enter to select"
          shownoresults="true"
          tabindex="0"
        />
         
        <div
          class="invalid-feedback"
          style="display: none;"
        >
          
          The user category field is required.
        
        </div>
      </div>
    </div>
     
    <div
      class="col-md"
    >
      <div
        class="form-group"
      >
        <label
          class="form-control-label"
        >
          Organization
        </label>
         
        <input
          class="form-control"
          name="organization"
          placeholder="Organization"
          type="text"
        />
         
        <div
          class="invalid-feedback"
          style="display: none;"
        >
          
          
        
        </div>
      </div>
    </div>
  </div>
   
  <div
    class="row"
  >
    <div
      class="col-md"
    >
      <div
        class="form-group"
      >
        <label
          class="form-control-label"
        >
          City
        </label>
         
        <input
          class="form-control"
          name="city"
          placeholder="City"
          type="text"
        />
         
        <div
          class="invalid-feedback"
          style="display: none;"
        >
          
          
        
        </div>
      </div>
    </div>
     
    <div
      class="col-md"
    >
      <div
        class="form-group"
      >
        <label
          class="form-control-label"
        >
          Country
        </label>
         
        <multiselect-stub
          class="mymultiselect"
          deselectgrouplabel="Press enter to deselect group"
          deselectlabel="Press enter to remove"
          limit="99999"
          limittext="function(t){return\\"and \\".concat(t,\\" more\\")}"
          maxheight="300"
          name=""
          opendirection=""
          options="Afghanistan,Åland Islands,Albania,Algeria,American Samoa,Andorra,Angola,Anguilla,Antarctica,Antigua and Barbuda,Argentina,Armenia,Aruba,Australia,Austria,Azerbaijan,Bahamas,Bahrain,Bangladesh,Barbados,Belarus,Belgium,Belize,Benin,Bermuda,Bhutan,Bolivia, Plurinational State of,Bonaire, Sint Eustatius and Saba,Bosnia and Herzegovina,Botswana,Bouvet Island,Brazil,British Indian Ocean Territory,Brunei Darussalam,Bulgaria,Burkina Faso,Burundi,Cambodia,Cameroon,Canada,Cape Verde,Cayman Islands,Central African Republic,Chad,Chile,China,Christmas Island,Cocos (Keeling) Islands,Colombia,Comoros,Congo,Congo, the Democratic Republic of the,Cook Islands,Costa Rica,Côte d'Ivoire,Croatia,Cuba,Curaçao,Cyprus,Czech Republic,Denmark,Djibouti,Dominica,Dominican Republic,Ecuador,Egypt,El Salvador,Equatorial Guinea,Eritrea,Estonia,Ethiopia,Falkland Islands (Malvinas),Faroe Islands,Fiji,Finland,France,French Guiana,French Polynesia,French Southern Territories,Gabon,Gambia,Georgia,Germany,Ghana,Gibraltar,Greece,Greenland,Grenada,Guadeloupe,Guam,Guatemala,Guernsey,Guinea,Guinea-Bissau,Guyana,Haiti,Heard Island and McDonald Islands,Holy See (Vatican City State),Honduras,Hong Kong,Hungary,Iceland,India,Indonesia,Iran, Islamic Republic of,Iraq,Ireland,Isle of Man,Israel,Italy,Jamaica,Japan,Jersey,Jordan,Kazakhstan,Kenya,Kiribati,Korea, Democratic People's Republic of,Korea, Republic of,Kuwait,Kyrgyzstan,Lao People's Democratic Republic,Latvia,Lebanon,Lesotho,Liberia,Libya,Liechtenstein,Lithuania,Luxembourg,Macao,Macedonia, the former Yugoslav Republic of,Madagascar,Malawi,Malaysia,Maldives,Mali,Malta,Marshall Islands,Martinique,Mauritania,Mauritius,Mayotte,Mexico,Micronesia, Federated States of,Moldova, Republic of,Monaco,Mongolia,Montenegro,Montserrat,Morocco,Mozambique,Myanmar,Namibia,Nauru,Nepal,Netherlands,New Caledonia,New Zealand,Nicaragua,Niger,Nigeria,Niue,Norfolk Island,Northern Mariana Islands,Norway,Oman,Pakistan,Palau,Palestinian Territory, Occupied,Panama,Papua New Guinea,Paraguay,Peru,Philippines,Pitcairn,Poland,Portugal,Puerto Rico,Qatar,Réunion,Romania,Russian Federation,Rwanda,Saint Barthélemy,Saint Helena, Ascension and Tristan da Cunha,Saint Kitts and Nevis,Saint Lucia,Saint Martin (French part),Saint Pierre and Miquelon,Saint Vincent and the Grenadines,Samoa,San Marino,Sao Tome and Principe,Saudi Arabia,Senegal,Serbia,Seychelles,Sierra Leone,Singapore,Sint Maarten (Dutch part),Slovakia,Slovenia,Solomon Islands,Somalia,South Africa,South Georgia and the South Sandwich Islands,South Sudan,Spain,Sri Lanka,Sudan,Suriname,Svalbard and Jan Mayen,Swaziland,Sweden,Switzerland,Syrian Arab Republic,Taiwan, Province of China,Tajikistan,Tanzania, United Republic of,Thailand,Timor-Leste,Togo,Tokelau,Tonga,Trinidad and Tobago,Tunisia,Turkey,Turkmenistan,Turks and Caicos Islands,Tuvalu,Uganda,Ukraine,United Arab Emirates,United Kingdom,United States,United States Minor Outlying Islands,Uruguay,Uzbekistan,Vanuatu,Venezuela, Bolivarian Republic of,Viet Nam,Virgin Islands, British,Virgin Islands, U.S.,Wallis and Futuna,Western Sahara,Yemen,Zambia,Zimbabwe"
          placeholder="Country"
          selectedlabel="Selected"
          selectgrouplabel="Press enter to select group"
          selectlabel="Press enter to select"
          showlabels="true"
          shownoresults="true"
          tabindex="0"
        />
         
        <div
          class="invalid-feedback"
          style="display: none;"
        >
          
          The country field is required.
        
        </div>
      </div>
    </div>
  </div>
   
  <div
    class="form-group"
  >
    <label
      class="form-control-label"
    >
      Motivations
    </label>
     
    <textarea
      class="form-control"
      name="motivations"
      placeholder="Tell us about you"
      rows="5"
    />
     
    <div
      class="invalid-feedback"
      style="display: none;"
    >
      
      
    
    </div>
  </div>
   
  <div
    class="form-group"
    id="motivations-help"
    style="display: none;"
  >
    <div
      class="alert alert-info form-control"
    >
      <i
        class="fa fa-pencil"
      />
       
      <b>
        Tell us about your motivations
      </b>
       
      <ul
        style="margin: 0px;"
      >
        <li>
          Research domain (Radio communication, networking protocol, distributed applications, …)
        </li>
         
        <li>
          What kind of experiments do you want to run with IoT-LAB?
        </li>
         
        <li>
          Goal (Verify something existing in large scale, new development, …)
        </li>
         
        <li>
          Experience with sensor networks (n00b, experiments with X platform, former IoT-LAB user, Guru, God)
        </li>
      </ul>
    </div>
  </div>
   
  <div
    class="form-group"
  >
    <a
      aria-controls="collapseSSH"
      aria-expanded="false"
      data-toggle="collapse"
      href=".collapse-ssh"
      role="button"
    >
      <label
        class="form-control-label"
      >
        <i
          class="fa fa-caret-right"
        />
         SSH keys
      
      </label>
    </a>
     
    <sshkeys-stub
      class="collapse collapse-ssh"
      keys="toto"
      rows="4"
    />
     
    <div
      class="invalid-feedback"
      style="display: none;"
    >
      
      
    
    </div>
  </div>
   
  <div
    class="form-group"
  >
    <label
      class="form-control-label"
    >
      User groups
    </label>
     
    <multiselect-stub
      allow-empty="true"
      class="mymultiselect"
      deselectgrouplabel="Press enter to deselect group"
      deselectlabel="Press enter to remove"
      hide-selected="true"
      limit="99999"
      limittext="function (t){return\\"and \\".concat(t,\\" more\\")}"
      maxheight="300"
      multiple="true"
      name=""
      opendirection=""
      options=""
      placeholder="Groups"
      selectedlabel="Selected"
      selectgrouplabel="Press enter to select group"
      selectlabel="Press enter to select"
      shownoresults="true"
      tabindex="0"
    />
  </div>
</div>
`;
